#-----------------------------------------------------------
# Vivado v2025.2 (64-bit)
# SW Build 6299465 on Fri Nov 14 19:35:11 GMT 2025
# IP Build 6300035 on Fri Nov 14 10:48:45 MST 2025
# SharedData Build 6298862 on Thu Nov 13 04:50:51 MST 2025
# Start of session at: Thu Nov 27 03:17:26 2025
# Process ID         : 24528
# Current directory  : C:/Users/edgar/OneDrive/Documents/Vivado/Lmul_speed_test/Lmul_speed_test
# Command line       : vivado.exe
# Log file           : C:/Users/edgar/OneDrive/Documents/Vivado/Lmul_speed_test/Lmul_speed_test/vivado.log
# Journal file       : C:/Users/edgar/OneDrive/Documents/Vivado/Lmul_speed_test/Lmul_speed_test\vivado.jou
# Running On         : DESKTOP-VFNBREC
# Platform           : Windows Server 2016 or Windows 10
# Operating System   : 26100
# Processor Detail   : AMD Ryzen 7 5800X 8-Core Processor             
# CPU Frequency      : 3800 MHz
# CPU Physical cores : 8
# CPU Logical cores  : 16
# Host memory        : 34282 MB
# Swap memory        : 2147 MB
# Total Virtual      : 36429 MB
# Available Virtual  : 22093 MB
#-----------------------------------------------------------
start_gui
open_project C:/Users/edgar/OneDrive/Documents/Vivado/Lmul_speed_test/Lmul_speed_test/Lmul_speed_test.xpr
update_compile_order -fileset sources_1
launch_simulation
source tb_lmul.tcl
close_sim
launch_simulation
source tb_lmul.tcl
close_sim
launch_simulation
source tb_lmul.tcl
close_sim
launch_simulation
source tb_lmul.tcl
close_sim
